// Jest Snapshot v1, https://goo.gl/fbAQLP

exports[`moving block renders successfully 1`] = `
<View
  collapsable={false}
  onMoveShouldSetResponder={[Function]}
  onMoveShouldSetResponderCapture={[Function]}
  onResponderEnd={[Function]}
  onResponderGrant={[Function]}
  onResponderMove={[Function]}
  onResponderReject={[Function]}
  onResponderRelease={[Function]}
  onResponderStart={[Function]}
  onResponderTerminate={[Function]}
  onResponderTerminationRequest={[Function]}
  onStartShouldSetResponder={[Function]}
  onStartShouldSetResponderCapture={[Function]}
  style={
    {
      "alignItems": "center",
      "flex": 1,
      "justifyContent": "center",
      "transform": [
        {
          "translateX": 0,
        },
        {
          "translateY": 0,
        },
      ],
    }
  }
/>
`;
