// Jest Snapshot v1, https://goo.gl/fbAQLP

exports[`reward renders successfully 1`] = `
<View
  style={
    {
      "alignItems": "center",
      "borderRadius": 8,
      "flexDirection": "row",
      "justifyContent": "flex-end",
      "width": "100%",
    }
  }
>
  <Image
    resizeMode="contain"
    source={
      {
        "testUri": "../../../assets/images/coin.png",
      }
    }
    style={
      {
        "height": 20,
        "width": 20,
      }
    }
  />
  <Text
    style={
      {
        "fontSize": 20,
      }
    }
  >
      :
    5
  </Text>
</View>
`;
